15:28:31 **** Incremental Build of configuration Debug for project 0_LED_toggle_addr ****
make -j12 all 
arm-none-eabi-gcc "../Src/main.c" -mcpu=cortex-m4 -std=gnu11 -g3 -DDEBUG -DSTM32F411VETx -DSTM32 -DSTM32F4 -c -I../Inc -O0 -ffunction-sections -fdata-sections -Wall -fstack-usage -fcyclomatic-complexity -MMD -MP -MF"Src/main.d" -MT"Src/main.o" --specs=nano.specs -mfpu=fpv4-sp-d16 -mfloat-abi=hard -mthumb -o "Src/main.o"
arm-none-eabi-gcc -o "0_LED_toggle_addr.elf" @"objects.list"   -mcpu=cortex-m4 -T"C:\Users\debugalizer\Documents\stm32f4_BareMetal_workspace\0_LED_toggle_addr\STM32F411VETX_FLASH.ld" --specs=nosys.specs -Wl,-Map="0_LED_toggle_addr.map" -Wl,--gc-sections -static --specs=nano.specs -mfpu=fpv4-sp-d16 -mfloat-abi=hard -mthumb -Wl,--start-group -lc -lm -Wl,--end-group
Finished building target: 0_LED_toggle_addr.elf
 
arm-none-eabi-size   0_LED_toggle_addr.elf 
arm-none-eabi-objdump -h -S  0_LED_toggle_addr.elf  > "0_LED_toggle_addr.list"
   text	   data	    bss	    dec	    hex	filename
    720	      8	   1568	   2296	    8f8	0_LED_toggle_addr.elf
Finished building: default.size.stdout
 
Finished building: 0_LED_toggle_addr.list
 

15:28:31 Build Finished. 0 errors, 0 warnings. (took 474ms)

