11:14:12 **** Incremental Build of configuration Debug for project 1_LED_toggle_addr_struct ****
make -j12 all 
arm-none-eabi-gcc "../Src/main.c" -mcpu=cortex-m4 -std=gnu11 -g3 -DDEBUG -DSTM32F411VETx -DSTM32 -DSTM32F4 -c -I../Inc -O0 -ffunction-sections -fdata-sections -Wall -fstack-usage -fcyclomatic-complexity -MMD -MP -MF"Src/main.d" -MT"Src/main.o" --specs=nano.specs -mfpu=fpv4-sp-d16 -mfloat-abi=hard -mthumb -o "Src/main.o"
arm-none-eabi-gcc -o "1_LED_toggle_addr_struct.elf" @"objects.list"   -mcpu=cortex-m4 -T"C:\Users\debugalizer\Documents\stm32f4_BareMetal_workspace\1_LED_toggle_addr_struct\STM32F411VETX_FLASH.ld" --specs=nosys.specs -Wl,-Map="1_LED_toggle_addr_struct.map" -Wl,--gc-sections -static --specs=nano.specs -mfpu=fpv4-sp-d16 -mfloat-abi=hard -mthumb -Wl,--start-group -lc -lm -Wl,--end-group
Finished building target: 1_LED_toggle_addr_struct.elf
 
arm-none-eabi-size   1_LED_toggle_addr_struct.elf 
arm-none-eabi-objdump -h -S  1_LED_toggle_addr_struct.elf  > "1_LED_toggle_addr_struct.list"
   text	   data	    bss	    dec	    hex	filename
    740	      8	   1568	   2316	    90c	1_LED_toggle_addr_struct.elf
Finished building: default.size.stdout
 
Finished building: 1_LED_toggle_addr_struct.list
 
11:14:15 **** Incremental Build of configuration Debug for project 1_LED_toggle_addr_struct ****
make -j12 all 
arm-none-eabi-size   1_LED_toggle_addr_struct.elf 
   text	   data	    bss	    dec	    hex	filename
    740	      8	   1568	   2316	    90c	1_LED_toggle_addr_struct.elf
Finished building: default.size.stdout
 
